// Jest Snapshot v1, https://goo.gl/fbAQLP

exports[`<Main /> should render the heading 1`] = `
<main
  class=""
>
  <h1>
    Main
  </h1>
</main>
`;
